---
layout: post
title: 第三周数据库系统表相关学习 
date: 2019-08-16 20:00:10 +0300
description: mysql # Add post description (optional)
img: mysql.png # Add image post (optional)
tags: [sql, mysql] # add tag
---

#### 如何利用数据库功能读写文件，需要什么样的条件(权限)
---
##### 读取文件满足三个条件
1.拥有file权限  
2.max-allowed-packet最大允许传输包的大小，就是查询得出的结果，发送到客户端的每个网络包的最大大小。  
3.secure_file_priv对数据导入导出进行限制，
- 如果secure_file_priv 为空时，那么对导入和到处就没有限制
- 当这个为一个指定的目录时，那么就只能向这个指定目录导入或者导出
- 当这个值被设置成NULL时，那么就禁止导入导出

创建用户  
CREATE USER '用户名'@'%' IDENTIFIED BY '密码';  
授权  
GRANT ALL ON *.* TO '[用户名]'@'%';   
ALL表示授予所有权限、*.*表示所有数据库中的所有表、%表示任意IP可以远程连接

其他权限：ALTER、ALTER ROUTINE、CREATE、CREATE ROUTINE、CREATE TABLESPACE、CREATE TEMPORARY TABLES、CREATE USER、CREATE VIEW、DELETE、DROP、EVENT、EXECUTE、FILE、GRANT OPTION、INDEX、INSERT、LOCK TABLES、PROCESS、PROXY、REFERENCES、RELOAD、REPLICATION CLIENT、REPLICATION SLAVE、SELECT、SHOW DATABASES、SHOW VIEW、SHUTDOWN、SUPER、TRIGGER、UPDATE、USAGE。

例：创建luo用户并授权file
```
mysql> CREATE USER 'luo'@'%' IDENTIFIED BY 'Aa.123456';
Query OK, 0 rows affected (0.00 sec)

mysql> GRANT FILE,INSERT,SELECT,UPDATE ON *.* TO 'luo'@'%';
Query OK, 0 rows affected (0.01 sec)
```

查看权限
show grants for root;
```
mysql> show grants for root;
+-------------------------------------------------------------+
| Grants for root@%                                           |
+-------------------------------------------------------------+
| GRANT ALL PRIVILEGES ON *.* TO 'root'@'%' WITH GRANT OPTION |
+-------------------------------------------------------------+
1 row in set (0.00 sec)
```
查看用户是否具有file权限  

>select file_priv from mysql.user where user='root';

```
mysql> select user,file_priv from mysql.user where user='root';
+------+-----------+
| user | file_priv |
+------+-----------+
| root | Y         |
| root | Y         |
+------+-----------+
2 rows in set (0.01 sec)
```
查看max_allowed_packet    

>select  @@max_allowed_packet;  
>show global variables like 'max_allowed_packet';

```
mysql> show global variables like 'max_allowed_packet';
+--------------------+---------+
| Variable_name      | Value   |
+--------------------+---------+
| max_allowed_packet | 4194304 |
+--------------------+---------+
1 row in set (0.00 sec)
```
查看secure_file_priv配置

```
mysql> select @@secure_file_priv;
+-----------------------+
| @@secure_file_priv    |
+-----------------------+
| /var/lib/mysql-files/ |
+-----------------------+
1 row in set (0.00 sec)

mysql> show global variables like 'secure_file_priv';
+------------------+-----------------------+
| Variable_name    | Value                 |
+------------------+-----------------------+
| secure_file_priv | /var/lib/mysql-files/ |
+------------------+-----------------------+
1 row in set (0.00 sec)
```

看来只支持 /var/lib/mysql-files/目录的读写，修改方法：  
windows下修改mysql.ini文件，在[mysqld]下添加条目：secure_file_priv=''    
linux下在/etc/my.conf或者/etc/my.cnf的[mysqld]下面添加secure_file_priv=    
我的是linux.修改完后systemctl restart mysqld重启一下mysql  

**文件读写**  
select into outfile 
将内容写入到系统文件中  
load_file() ：读取文件  
load data infile() ：读取文件  
system cat ：读取文件  

select into outfile 将内容写入到系统文件中  
写入的目录中要有写入权限：rwxrwxrwx

>select "<?PHP phpinfo(); ?>" into outfile "/tmp/a.php"

```
mysql> select "<?PHP phpinfo(); ?>" into outfile "/tmp/a.php";
Query OK, 1 row affected (0.02 sec)
```
用load_file()查看
```
mysql> select load_file('/tmp/a.php');
+-------------------------+
| load_file('/tmp/a.php') |
+-------------------------+
| <?PHP phpinfo(); ?>
    |
+-------------------------+
1 row in set (0.00 sec)
```

或者用system cat 
在mysql5.x版本以上，可使用。
只能本地读取，不能远程连接mysql使用。
无法越权读取。

```
mysql> system cat /tmp/a.php;
<?PHP phpinfo(); ?>
```
例：
create table test(txt text);  创建表test  
insert into test(txt) values (load_file('/etc/group'));  把系统group的内容写入test表里  
或者用  
load data infile '/etc/group' into table test;

```
mysql> create table test(txt text);
Query OK, 0 rows affected (0.01 sec)

mysql> load data infile '/etc/group' into table test;
Query OK, 79 rows affected (0.01 sec)
Records: 79  Deleted: 0  Skipped: 0  Warnings: 0

mysql> select * from test;
+----------------------------+
| txt                        |
+----------------------------+
| root:x:0:                  |
| bin:x:1:                   |
| daemon:x:2:                |
| sys:x:3:                   |
| adm:x:4:                   |
| tty:x:5:                   |
......
中间省略
......
| mysql:x:27:                |
+----------------------------+
79 rows in set (0.00 sec)

```

#### 数据库系统表的功能

**information_schema**  

在MySQL中，把 information_schema
看作是一个数据库，确切说是信息数据库。其中保存着关于MySQL服务器所维护的所有其他数据
库的信息。如数据库名，数据库的表，表栏的数据类型与访问权 限等。在INFORMATION_SCHEMA中，有数个只读表。它们实际上是视
图，而不是基本表，因此，你将无法看到与之相关的任何文件。  

| 表名                                  | 说明                                                         |
| ------------------------------------- | ------------------------------------------------------------ |
| SCHEMATA                              | 提供了当前mysql实例中所有数据库的信息。是show databases的结果取之此表 |
| TABLES                                | 提供了关于数据库中的表的信息（包括视图）。详细表述了某个表属于哪个schema、表类型、表引擎、创建时间等信息。是show tables from schemaname的结果取之此表 |
| COLUMNS                               | 提供了表中的列信息。详细表述了某张表的所有列以及每个列的信息。是show columns from schemaname.tablename的结果取之此表 |
| STATISTICS                            | 提供了关于表索引的信息。是show index from schemaname.tablename的结果取之此表 |
| USER_PRIVILEGES                       | 用户权限表:给出了关于全程权限的信息。该信息源自mysql.user授权表。是非标准表 |
| SCHEMA_PRIVILEGES                     | 方案权限表:给出了关于方案（数据库）权限的信息。该信息来自mysql.db授权表。是非标准表 |
| TABLE_PRIVILEGES                      | 表权限表:给出了关于表权限的信息。该信息源自mysql.tables_priv授权表。是非标准表 |
| COLUMN_PRIVILEGES                     | 列权限表:给出了关于列权限的信息。该信息源自mysql.columns_priv授权表。是非标准表 |
| CHARACTER_SETS                        | 字符集表:提供了mysql实例可用字符集的信息。是SHOW CHARACTER SET结果集取之此表 |
| COLLATIONS                            | 提供了关于各字符集的对照信息                                 |
| COLLATION_CHARACTER_SET_APPLICABILITY | 指明了可用于校对的字符集。这些列等效于SHOW COLLATION的前两个显示字段。 |
| TABLE_CONSTRAINTS                     | 描述了存在约束的表。以及表的约束类型                         |
| KEY_COLUMN_USAGE                      | 描述了具有约束的键列                                         |
| ROUTINES                              | 提供了关于存储子程序（存储程序和函数）的信息。此时，ROUTINES表不包含自定义函数（UDF）。名为“mysql.proc name”的列指明了对应于INFORMATION_SCHEMA.ROUTINES表的mysql.proc表列 |
| VIEWS                                 | 给出了关于数据库中的视图的信息。需要有show views权限，否则无法查看视图信息 |
| TRIGGERS                              | 提供了关于触发程序的信息。必须有super权限才能查看该表        |

**performance schema**

performance schema用于监控MySQL server在一个较低级别的运行过程中的资源消耗、资源等待等情况.

**sys**  
sys_config ： 这是在这个系统库上存在的唯一一个表

**mysql**  
这个是mysql的核心数据库，类似于sql server中的master表，主要负责存储数
据库的用户、权限设置、关键字等mysql自己需要使用的控制和管理信息。  
user表记录了用户列、权限列、安全列、资源控制列的信息

##### 实例应用：
通过information_schema下的SCHEMATA爆数据库
>select schema_name from information_schema.schemata;

```
mysql> select schema_name from information_schema.schemata;
+--------------------+
| schema_name        |
+--------------------+
| information_schema |
| mysql              |
| performance_schema |
| sys                |
| test               |
+--------------------+
5 rows in set (0.00 sec)
```

通过information_schema下的TABLES爆数据表

>SELECT table_name from information_schema.tables WHERE table_schema='test';

```
mysql> SELECT table_name from information_schema.tables WHERE table_schema='test';
+------------+
| table_name |
+------------+
| abc        |
| test       |
| user       |
+------------+
3 rows in set (0.00 sec)
```
通过information_schema下的COLUMNS爆数据列 

>SELECT TABLE_SCHEMA,TABLE_NAME,COLUMN_NAME FROM information_schema.`COLUMNS` WHERE TABLE_SCHEMA = 'test' AND TABLE_NAME = 'abc'

```
mysql> SELECT TABLE_SCHEMA,TABLE_NAME,COLUMN_NAME FROM information_schema.`COLUMNS` WHERE TABLE_SCHEMA = 'test' AND TABLE_NAME = 'abc';
+--------------+------------+-------------+
| TABLE_SCHEMA | TABLE_NAME | COLUMN_NAME |
+--------------+------------+-------------+
| test         | abc        | id          |
| test         | abc        | name        |
| test         | abc        | Gender      |
| test         | abc        | address     |
| test         | abc        | email       |
| test         | abc        | city        |
| test         | abc        | data        |
| test         | abc        | birthday    |
+--------------+------------+-------------+
8 rows in set (0.00 sec)
```
最后再爆内容

>select * from test.abc;

通过mysql库下的USER爆用户名和HASH

>select user,password from mysql.user;

```
mysql> select user,password from mysql.user;
ERROR 1054 (42S22): Unknown column 'password' in 'field list'
```

mysql5.7 开始新版后的mysql数据库下的user表中已经没有password字段了，保存密码的字段变成了authentication_string字段  

>select user,authentication_string  from mysql.user;

```
mysql> select user,authentication_string  from mysql.user;
+---------------+-------------------------------------------+
| user          | authentication_string                     |
+---------------+-------------------------------------------+
| root          | *8EC13A3A19589D34DF6800D96702A99874BC5EEE |
| mysql.session | *THISISNOTAVALIDPASSWORDTHATCANBEUSEDHERE |
| mysql.sys     | *THISISNOTAVALIDPASSWORDTHATCANBEUSEDHERE |
| root          | *8EC13A3A19589D34DF6800D96702A99874BC5EEE |
| luo           | *14CF315C27425870B6B841EC78E21378C8BEE3CA |
+---------------+-------------------------------------------+
```

获取当前数据库：
>select database();

获取当前⽤⼾：
>select user(); select system_user();

获取版本信息：
>select @@version;

获取主机名：
>select @@hostname;

获取数据库⽂件路径：
>select @@datadir;

获取当前操作系统:
>select @@version_compile_os;


Hashcat
    hashcat号称世界上最快的密码破解，世界上第一个和唯一的基于GPGPU规则引擎，免费多GPU（高达128个GPU），多哈希，多操作系统（Linux和Windows本地二进制文件），多平台（OpenCL和CUDA支持），多算法，资源利用率低，基于字典攻击，支持分布式破解等等

###### Hashcat的安装  
linux下：

把github上面的源码down到本地：
>git clone https://github.com/hashcat/hashcat.git


生成项目：
```
make
make install
```
试了下由于在虚拟机里提示硬件不行用不了

windows下：  
下载地址https://hashcat.net/files/hashcat-5.1.0.7z
解压就可以用了  

hashcat --help  可以查看帮助信息

参数：
1 ‐a 指定要使用的破解模式，其值参考后面对参数。“‐a 0”字典攻击，“‐a 1” 组合攻
击；“‐a 3”掩码攻击。



2 ‐m 指定要破解的hash类型，如果不指定类型，则默认是MD5  
3 ‐o 指定破解成功后的hash及所对应的明文密码的存放位置,可以用它把破解成功的hash写
到指定的文件中  
4 ‐‐force 忽略破解过程中的警告信息,跑单条hash可能需要加上此选项  
5 ‐‐show 显示已经破解的hash及该hash所对应的明文  
6 ‐‐increment 启用增量破解模式,你可以利用此模式让hashcat在指定的密码长度范围内执
行破解过程  
7 ‐‐increment‐min 密码最小长度,后面直接等于一个整数即可,配置increment模式一起使
用  
8 ‐‐increment‐max 密码最大长度,同上  
9 ‐‐outfile‐format 指定破解结果的输出格式id,默认是3  
10 ‐‐username 忽略hash文件中的指定的用户名,在破解linux系统用户密码hash可能会用到  
11 ‐‐remove 删除已被破解成功的hash  
12 ‐r 使用自定义破解规则  

攻击模式
```
 0 | Straight（字段破解）
  1 | Combination（组合破解）
  3 | Brute-force（掩码暴力破解）
  6 | Hybrid Wordlist + Mask（字典+掩码破解）
  7 | Hybrid Mask + Wordlist（掩码+字典破解）
```
掩码设置  
```
l | abcdefghijklmnopqrstuvwxyz          纯小写字母
u | ABCDEFGHIJKLMNOPQRSTUVWXYZ          纯大写字母
d | 0123456789                          纯数字
h | 0123456789abcdef                常见小写子目录和数字
H | 0123456789ABCDEF                常见大写字母和数字
s |  !"#$%&'()*+,-./:;<=>?@[\]^_`{|}~         特殊字符
a | ?l?u?d?s                    键盘上所有可见的字符
b | 0x00 - 0xff                 可能是用来匹配像空格这种密码的
```

HashIdentifier查一下hash类型

![1565956620676](C:\Users\Administrator\AppData\Roaming\Typora\typora-user-images\1565956620676.png)



> hashcat64 -a 0 -m 4500 --force  8EC13A3A19589D34DF6800D96702A99874BC5EEE top100.txt -o password.txt

成功会把密码写进password.txt里面。